[katboogaard.com/index.html]
[backblue.gif]
[fade.gif]
[index.html]
[static.showit.co/200/-RUhR8wDSNadJayDKFZ81g/76911/katboogaard-circlemark-alt.png]
[static.showit.co/1200/ycHy0_ezR1qYOElEoM4Fxg/76911/katboogaard.jpg]
[assets.flodesk.com/universal.js]
[s.pinimg.com/ct/core.js]
[cdnjs.cloudflare.com/ajax/libs/animate.css/3.4.0/animate.min.css]
[ajax.googleapis.com/ajax/libs/jquery/3.5.1/jquery.min.js]
[lib.showit.co/engine/1.3.4/showit.css]
[lib.showit.co/engine/1.3.4/showit.min.js]
[lib.showit.co/engine/1.3.4/showit-lib.min.js]
[static.showit.co/800/1mq6frlGRv-jcYNAlbz63g/shared/katboogaard-main.png]
[katboogaard.com/shop.html]
[static.showit.co/200/cO9TnI7gSBastHz0eqgOvQ/shared/katboogaard-paperclip.png]
[katboogaard.com/about.html]
[katboogaard.com/portfolio.html]
[katboogaard.com/freelance-faqs.html]
[katboogaard.com/contact.html]
[katboogaard.com/blog/index.html]
[static.showit.co/400/BkEsVZqeTPOQXb8ptZAoXA/shared/circle.png]
[static.showit.co/400/UroarIajS2aAEo-JvxpyBA/shared/pencil-withwhite.png]
[static.showit.co/200/pjtlLdAuTWiwi_x-1zE5lg/shared/grammaredit_copy.png]
[static.showit.co/400/xgScow0ZRVKs_wlAahLTBw/shared/blake-parkinson-31143-unsplash.jpg]
[static.showit.co/400/B-leT6KHQJKi6ZKkeb_mog/shared/rawpixel-com-602145-unsplash.jpg]
[static.showit.co/400/6x9O14v7QeCOzl4lrm_RGw/shared/jeff-sheldon-271733-unsplash.jpg]
[static.showit.co/400/KhXh-fIpR9uUC3W_9zDUMg/shared/kat5.jpg]
[static.showit.co/400/Z3PDGJUHTNyUJ4B8gi7thg/shared/kat3.jpg]
[sdks.shopifycdn.com/buy-button/latest/buy-button-storefront.min.js]
[static.showit.co/200/rzFqtv0JSumrKI6ZjUGPIQ/76911/forbes.png]
[static.showit.co/400/FPtWFoK5QlGrIlNWsW32Jg/shared/the-everygirl.png]
[static.showit.co/200/Q391948WTj-VT5ZYI8htqQ/shared/the-muse.png]
[static.showit.co/400/J1b40V51RhGeaQedTgK-hw/76911/nyt.png]
[static.showit.co/200/RoLhRhz1QbqrDY3fDI2GjA/shared/time.png]
[static.showit.co/200/MBK41LswS86-0yV-_5WJ5Q/shared/fast-company.png]
[static.showit.co/400/3xIIjkGmQpiJavJ18IIuMA/shared/pen3-withwhite.png]
[static.showit.co/200/PHz06bdURHC93DvQLrsXrg/shared/mashablelogo.png]
[static.showit.co/200/9VOwGKTwSoq_55gl1SFvUA/shared/businsider.png]
[static.showit.co/200/i2gfJwGuSlSLG1nSPiZA0A/76911/qb.png]
[static.showit.co/200/6fBx8rbRTCSq2Vm6P7yzrw/76911/trello_copy.png]
[static.showit.co/400/vagP-oFGQFuoBJBn9xpzMA/shared/kat1.jpg]
[static.showit.co/800/0x4OE23XQhuTyQ39NhdFWw/shared/12freelance.png]
[static.showit.co/200/w-sIPJcASaC6hPpkbxLPkw/shared/arrow1.png]
[static.showit.co/800/oSfo9HLER0Oji91iRormXw/shared/katrachel-moenning-570271-unsplash.jpg]
[static.showit.co/800/1MyKrlXvTpamYPmaUhuSIw/shared/kat4-stretch.jpg]
[static.showit.co/800/B-leT6KHQJKi6ZKkeb_mog/shared/rawpixel-com-602145-unsplash.jpg]
[static.showit.co/400/TalUmgEoRC6xkDJkjEv0cQ/shared/eraser.png]
[static.showit.co/400/AnqiE-QESP-K_rFeQisuow/shared/samuel-nathan-kahn-602036-unsplash.jpg]
[static.showit.co/400/LpORnl2eSi-kcWITtQOBNg/shared/kat4.jpg]
[static.showit.co/400/oUfZdVThQ665nXD7gMmVow/shared/kevin-bhagat-461953.jpg]
[static.showit.co/800/gpBu26YHTRKiobq86GPMRw/shared/pen-withwhite.png]
[katboogaard.com/subscribe.html]
[katboogaard.com/privacy-policy.html]
[katboogaard.com/terms-and-conditions.html]
[static.showit.co/400/8_XLNXysR9m4qyjIp7Hc9A/shared/katboogaard-fullsignature.png]
[katboogaard.com/index.html]
[cdnjs.cloudflare.com/ajax/libs/animate.css/3.4.0/animate.min.css]
[lib.showit.co/engine/1.3.4/showit.css]
[katboogaard.com/sitemap.xml]
[static.showit.co/400/gB7HDi-cSky2mRMwFuHDtQ/76911/pitchpackmockupnew.jpg]
[katboogaard.com/pitch-pack.html]
[static.showit.co/400/3DWCxBzeR-Sts4Cf9-1Lzg/76911/katlaptop-1.jpg]
[katboogaard.com/the-get-to-workshop.html]
[static.showit.co/400/4_PiEF2OSyqiTxSRLLlFkQ/shared/freelancing-cover.jpg]
[katboogaard.com/invoice-template.html]
[katboogaard.com/contract-template.html]
[static.showit.co/400/9pKk84ARTQmaGgAkBKqvpA/shared/legalese-front.jpg]
[static.showit.co/400/JEYC6qInSgKy3iBhqWy5fQ/shared/project_proposal.jpg]
[katboogaard.com/project-proposal.html]
[static.showit.co/400/hYOExngOSJqrXh63uGeu7A/shared/bundle2.jpg]
[katboogaard.com/freelance-bundle.html]
[static.showit.co/800/kQciCLo3RimhQKka5EiImw/shared/kat-77.jpg]
[katboogaard.com/shop.html]
[static.showit.co/400/nKFSJfXPRbKft6J2HL896Q/shared/katanddogs.jpg]
[static.showit.co/400/nWPrbCgAT1SB_AEWN0w6TA/shared/mewithty.jpg]
[static.showit.co/400/5jkycrSZTUCALMz1GS5lPg/76911/kat-10.jpg]
[static.showit.co/400/ZbMYoSigSD6XYnzjxTlc1w/76911/kat-24edited.jpg]
[static.showit.co/200/ycVdro8WQ6iffWsXLUF60w/shared/arrow1_copy.png]
[static.showit.co/800/y_e5vLGxQ1KQ0T7PsCFiww/shared/kat2.jpg]
[static.showit.co/400/L9KVS17aRKWCu8dsmok48g/shared/glasses2.png]
[katboogaard.com/about.html]
[static.showit.co/400/poe_YY_WT7W88qjXCc-ltw/shared/kari-shea-110409-unsplash.jpg]
[static.showit.co/400/1fabz-5aRY2Xw3j78GEfNg/shared/katruthson-zimmerman-233520-unsplash.jpg]
[static.showit.co/400/oSfo9HLER0Oji91iRormXw/shared/katrachel-moenning-570271-unsplash.jpg]
[static.showit.co/400/FP58_jxNSa-qFUboCPbx6g/shared/drew-coffman-98466-unsplash.jpg]
[katboogaard.com/portfolio.html]
[static.showit.co/200/4Ye5wddBR7W5BdluxySetQ/shared/arrow2_copy.png]
[katboogaard.com/freelance-faqs.html]
[static.showit.co/200/Y-_PyoclQVmj4TdGIX_2fg/shared/katboogaard-circlemark-blue.png]
[katboogaard.com/contact.html]
[katboogaard.com/comments/feed/index.html]
[katboogaard.com/wp-includes/css/dist/block-library/style.min41a3.css]
[katboogaard.com/wp-content/plugins/better-click-to-tweet/assets/css/styles6aec.css]
[katboogaard.com/feed/index.html]
[katboogaard.com/blog/page/2/index.html]
[katboogaard.com/wp-content/plugins/showit/public/js/showit4209.js]
[katboogaard.com/wp-content/themes/showit/pubs/9upktvlltqmqky-uvrvwug/20210926013120Sxdveyp/assets/pub6834.js]
[katboogaard.com/xmlrpc0db0.php]
[katboogaard.com/wp-json/index.html]
[static.showit.co/200/d-LNhPgKTVakLjF7BI4g9g/shared/notebook.png]
[katboogaard.com/wp-includes/wlwmanifest.xml]
[static.showit.co/200/TalUmgEoRC6xkDJkjEv0cQ/shared/eraser.png]
[static.showit.co/400/0x4OE23XQhuTyQ39NhdFWw/shared/12freelance.png]
[katboogaard.com/category/find-clients-and-gigs/index.html]
[katboogaard.com/wp-content/uploads/2021/06/PRO-Act.png]
[katboogaard.com/wp-content/uploads/2020/12/2020_-A-Freelance-Year-in-Review.jpg]
[katboogaard.com/pro-act-what-freelancers-should-know/index.html]
[katboogaard.com/wp-content/uploads/2020/12/FreelanceContract.png]
[katboogaard.com/do-you-need-a-freelance-contract/index.html]
[katboogaard.com/2020-year-in-review/index.html]
[katboogaard.com/wp-content/uploads/2020/06/Freelancing-Lessons.png]
[katboogaard.com/six-freelancing-lessons/index.html]
[katboogaard.com/wp-content/uploads/2020/05/FreelanceDuringPandemic.png]
[katboogaard.com/wp-content/uploads/2020/05/freelance-parental-leave.png]
[katboogaard.com/freelancing-during-a-pandemic/index.html]
[katboogaard.com/planning-freelance-parental-leave/index.html]
[katboogaard.com/wp-content/plugins/disqus-comment-system/public/js/comment_countd4e0.js]
[katboogaard.com/blog/index.html]
[katboogaard.com/wp-includes/js/wp-embed.min41a3.js]
[katboogaard.com/category/start-freelancing/index.html]
[katboogaard.com/category/refine-freelance-business/index.html]
[katboogaard.com/six-figure-freelancer/index.html]
[katboogaard.com/how-to-pitch/index.html]
[katboogaard.com/freelance-writing-jobs/index.html]
[static.showit.co/200/nnQ153j_RRq9hKIyP3iZ1Q/76911/sophiam.jpg]
[static.showit.co/200/ahdEGPCkT9-q5ZI-KCXsxw/76911/salvatore_lamborn.jpg]
[static.showit.co/200/3KCdWRGbQjeUC1vuNZekww/76911/laurabosco.jpg]
[static.showit.co/200/bvLZndIqT32nRKDKD1-beA/76911/oluwafemi_oyelola.png]
[static.showit.co/200/PR7gdhFRSDqTyA0xpymraQ/76911/kellylamano.jpg]
[static.showit.co/200/n2YvfrWARR26tThHsJXh6A/76911/architasharma.jpg]
[katboogaard.com/subscribe.html]
[katboogaard.com/privacy-policy.html]
[katboogaard.com/terms-and-conditions.html]
[static.showit.co/800/gB7HDi-cSky2mRMwFuHDtQ/76911/pitchpackmockupnew.jpg]
[static.showit.co/800/XgTmQ-LjSdWbMjqzXpz-mw/76911/pitchpackmockup3new.jpg]
[static.showit.co/800/hB2b0cyrQbOubP4jLI-JVw/76911/pitchpackmockup2.jpg]
[static.showit.co/200/BkEsVZqeTPOQXb8ptZAoXA/shared/circle.png]
[static.showit.co/400/sr_o_Is2SC2zZDImkwbp3w/76911/eraser.png]
[static.showit.co/1200/hB2b0cyrQbOubP4jLI-JVw/76911/pitchpackmockup2.jpg]
[static.showit.co/400/M2Y2bbLaT_SotHO5xzq3WQ/shared/zoomedoutproposal.jpg]
[katboogaard.com/pitch-pack.html]
[static.showit.co/800/3DWCxBzeR-Sts4Cf9-1Lzg/76911/katlaptop-1.jpg]
[static.showit.co/800/PJxj_WI6R7Wr_sRLxEGm6w/76911/gettoworkshop-sq.jpg]
[static.showit.co/800/LoM-kNj9R7u7CpN8o3gZ2Q/76911/katlaptop-2.jpg]
[static.showit.co/1200/3DWCxBzeR-Sts4Cf9-1Lzg/76911/katlaptop-1.jpg]
[static.showit.co/200/8kjFoLPYS8Gu3zKa6bNAew/76911/atlassian-blue-onecolor_2x-rgb_copy.png]
[static.showit.co/200/Fc1KRH9uSlSHj8AIwbhBtA/76911/new-loom-header.png]
[static.showit.co/200/NFcjfk6jSWmsi7-htbjpFQ/76911/logo_01_62962d41.png]
[static.showit.co/200/7NTG9jEfScmP2W6txojIBA/76911/hubstaff_logo_1000-6c3fea9a503513214490302b61b46faa1234e6968aa243b85e7e1325a0e97661_copy.png]
[static.showit.co/200/hL-IDec8Rx2m2o4nx46m8g/76911/lendio-logal-social-800x420.png]
[static.showit.co/200/Vg2-cw2dQhe1YdHy4-dg_w/76911/miro-logo600x600_copy.png]
[static.showit.co/800/EfNgVT_uTVGGnI8ve-8nyg/76911/kat102020.jpg]
[katboogaard.com/the-get-to-workshop.html]
[static.showit.co/800/4_PiEF2OSyqiTxSRLLlFkQ/shared/freelancing-cover.jpg]
[static.showit.co/800/nJcvooLgQxGZr72GW0lg6w/shared/freelancing-interior.jpg]
[static.showit.co/800/b9WMWimqQ-Km6vIq6OPLbQ/shared/fif-closeuppage.jpg]
[static.showit.co/1200/b9WMWimqQ-Km6vIq6OPLbQ/shared/fif-closeuppage.jpg]
[katboogaard.com/invoice-template.html]
[static.showit.co/800/9pKk84ARTQmaGgAkBKqvpA/shared/legalese-front.jpg]
[static.showit.co/800/850dnj45T36ywsmO69TmQw/shared/freelancelegalese.jpg]
[static.showit.co/800/3zumJwdATsStfCpoKO-Apw/shared/legalese-closeup.jpg]
[katboogaard.com/contract-template.html]
[static.showit.co/800/M2Y2bbLaT_SotHO5xzq3WQ/shared/zoomedoutproposal.jpg]
[static.showit.co/800/JEYC6qInSgKy3iBhqWy5fQ/shared/project_proposal.jpg]
[static.showit.co/800/kW1y1ZnATSKruE1SdL0wUg/shared/closeupproposal.jpg]
[katboogaard.com/project-proposal.html]
[static.showit.co/800/1cpCsqBITUS3DKgwp6H8qQ/shared/bundle.jpg]
[static.showit.co/800/hYOExngOSJqrXh63uGeu7A/shared/bundle2.jpg]
[static.showit.co/1200/hYOExngOSJqrXh63uGeu7A/shared/bundle2.jpg]
[katboogaard.com/freelance-bundle.html]
[katboogaard.com/fundamentals-of-freelance-business/index.html]
[katboogaard.com/freelance-writing-niche/index.html]
[katboogaard.com/make-a-living-freelance-writer/index.html]
[katboogaard.com/setting-freelance-rates/index.html]
[katboogaard.com/wp-content/uploads/2019/12/2019FreelanceYearInReview.png]
[katboogaard.com/wp-content/uploads/2018/12/YearInReview.png]
[katboogaard.com/blog/page/3/index.html]
[katboogaard.com/2019-year-in-review/index.html]
[katboogaard.com/wp-content/uploads/2018/10/how-to-stand-out-freelancer.png]
[katboogaard.com/2018-year-in-review/index.html]
[katboogaard.com/how-to-stand-out-as-a-freelancer/index.html]
[katboogaard.com/wp-content/uploads/2018/07/FreelancePitchUnanswered.png]
[katboogaard.com/5-reasons-youre-not-hearing-back-about-your-freelance-pitch/index.html]
[katboogaard.com/wp-content/uploads/2018/06/SixFigureFreelanceWriter.png]
[katboogaard.com/wp-content/uploads/2018/06/FreelanceWritingWebsite.png]
[katboogaard.com/blog/page/2/index.html]
[katboogaard.com/category/freelancing-and-business-tips/index.html]
[katboogaard.com/wp-includes/css/dist/block-library/style.min41a3.css]
[katboogaard.com/freelance-writer-websites/index.html]
[katboogaard.com/wp-content/plugins/better-click-to-tweet/assets/img/birdy.png]
[katboogaard.com/wp-content/plugins/better-click-to-tweet/assets/css/styles6aec.css]
[katboogaard.com/wp-content/themes/showit/pubs/9upktvlltqmqky-uvrvwug/20210926013120Sxdveyp/assets/pub6834.css]
[katboogaard.com/wp-json/wp/v2/categories/39.json]
[static.showit.co/400/34PwMmJxTH23nfCtnmlQRA/76911/kat-62.jpg]
[katboogaard.com/category/find-clients-and-gigs/page/2/index.html]
[katboogaard.com/wp-content/uploads/2018/06/FreelanceNonCompetes.png]
[katboogaard.com/category/find-clients-and-gigs/index.html]
[katboogaard.com/freelance-non-competes/index.html]
[katboogaard.com/category/find-clients-and-gigs/feed/index.html]
[katboogaard.com/wp-json/wp/v2/posts/2692.json]
[katboogaard.com/pro-act-what-freelancers-should-know/feed/index.html]
[katboogaard.com/wp-json/oembed/1.0/embed4ae8.json]
[katboogaard.com/wp-json/oembed/1.0/embed71a4]
[katboogaard.com/wp-content/uploads/2021/06/ProAct1-1024x614.jpg]
[katboogaard.com/wp-content/uploads/2021/06/ABCTest-1024x699.jpg]
[katboogaard.com/wp-content/uploads/2021/06/ProAct2-1024x683.jpg]
[katboogaard.com/wp-content/plugins/disqus-comment-system/public/js/comment_embedd4e0.js]
[katboogaard.com/pro-act-what-freelancers-should-know/index.html]
[katboogaard.com/wp-includes/js/comment-reply.min41a3.js]
[katboogaard.com/wp-json/wp/v2/posts/2674.json]
[katboogaard.com/2020-year-in-review/feed/index.html]
[katboogaard.com/wp-json/oembed/1.0/embedc63a.json]
[katboogaard.com/wp-json/oembed/1.0/embed5641]
[katboogaard.com/wp-content/uploads/2020/12/IMG_2351-1024x621.jpg]
[katboogaard.com/wp-content/uploads/2020/12/Adrian-1024x1024.jpg]
[katboogaard.com/wp-content/uploads/2020/12/TFC2020-Workshop-Speakers-KatB-1024x538.jpg]
[katboogaard.com/wp-content/uploads/2020/12/bundle2-1024x1024.jpg]
[katboogaard.com/wp-content/uploads/2020/12/IMG_1643-1024x1024.jpg]
[katboogaard.com/wp-content/uploads/2020/12/IMG_1146-1024x1024.jpg]
[katboogaard.com/wp-content/uploads/2020/12/IMG_4834-1024x1024.jpg]
[katboogaard.com/wp-content/uploads/2020/12/ACS_0279-1024x1024.jpg]
[katboogaard.com/2020-year-in-review/index.html]
[katboogaard.com/wp-json/wp/v2/posts/2618.json]
[katboogaard.com/do-you-need-a-freelance-contract/feed/index.html]
[katboogaard.com/wp-json/oembed/1.0/embed957c.json]
[katboogaard.com/wp-json/oembed/1.0/embedea58]
[katboogaard.com/wp-content/uploads/2020/12/Kat-51-1024x683.jpg]
[katboogaard.com/wp-content/uploads/2020/12/contractcallout-1024x272.png]
[katboogaard.com/wp-content/uploads/2020/12/pexels-jess-bailey-designs-1558690-1024x768.jpg]
[katboogaard.com/do-you-need-a-freelance-contract/index.html]
[katboogaard.com/wp-json/wp/v2/posts/2442.json]
[katboogaard.com/six-freelancing-lessons/feed/index.html]
[katboogaard.com/wp-json/oembed/1.0/embed34f4.json]
[katboogaard.com/wp-json/oembed/1.0/embed2681]
[katboogaard.com/wp-content/uploads/2020/06/Kat-18-1024x683.jpg]
[katboogaard.com/wp-content/uploads/2020/06/icons8-team-dhZtNlvNE8M-unsplash-1024x684.jpg]
[katboogaard.com/wp-content/uploads/2020/06/close-up-photography-of-colored-pencils-743986-1024x768.jpg]
[katboogaard.com/wp-content/uploads/2020/06/yellow-pink-and-blue-party-balloons-796606-1024x661.jpg]
[katboogaard.com/six-freelancing-lessons/index.html]
[katboogaard.com/wp-json/wp/v2/posts/2431.json]
[katboogaard.com/freelancing-during-a-pandemic/feed/index.html]
[katboogaard.com/wp-json/oembed/1.0/embed5f18.json]
[katboogaard.com/wp-json/oembed/1.0/embed1422]
[katboogaard.com/wp-content/uploads/2020/05/freelancingduringpandemic1-1024x683.jpg]
[katboogaard.com/wp-content/uploads/2020/05/freelancingduringpandemic3-1024x683.jpg]
[katboogaard.com/wp-content/uploads/2020/05/freelancingduringpandemic4-1024x683.jpg]
[katboogaard.com/wp-content/uploads/2020/05/freelancingduringpandemic2-1024x657.jpg]
[katboogaard.com/freelancing-during-a-pandemic/index.html]
[katboogaard.com/planning-freelance-parental-leave/feed/index.html]
[katboogaard.com/wp-json/wp/v2/posts/2418.json]
[katboogaard.com/wp-json/oembed/1.0/embed4872.json]
[katboogaard.com/wp-json/oembed/1.0/embede41d]
[katboogaard.com/wp-content/uploads/2020/05/ACS_0196-300x300.jpg]
[katboogaard.com/wp-content/uploads/2020/05/ACS_0209-290x300.jpg]
[katboogaard.com/wp-content/uploads/2020/05/IMG_9972-851x1024.jpg]
[katboogaard.com/wp-content/uploads/2020/05/Screen-Shot-2020-05-06-at-4.50.17-PM-1024x410.png]
[katboogaard.com/wp-content/uploads/2020/05/IMG_0090-826x1024.jpg]
[katboogaard.com/wp-content/uploads/2020/05/ACS_0222-1014x1024.jpg]
[katboogaard.com/wp-content/uploads/2020/05/IMG_0204-830x1024.jpg]
[katboogaard.com/wp-content/uploads/2020/05/IMG_0223-797x1024.jpg]
[katboogaard.com/planning-freelance-parental-leave/index.html]
[katboogaard.com/wp-content/uploads/2018/06/CommonFreelanceWritingQuestions.png]
[katboogaard.com/blog/page/4/index.html]
[katboogaard.com/freelance-writing-questions/index.html]
[katboogaard.com/wp-content/uploads/2018/06/FreelanceWritingRates.png]
[katboogaard.com/wp-content/uploads/2018/06/RecurringFreelanceWritingWork.png]
[katboogaard.com/land-consistent-writing-work/index.html]
[katboogaard.com/wp-content/uploads/2018/06/FirstFreelancePaycheck.png]
[katboogaard.com/category/uncategorized/index.html]
[katboogaard.com/wp-content/uploads/2018/06/HowMuchCanYouMakeFreelanceWriter.png]
[katboogaard.com/blog/page/3/index.html]
[katboogaard.com/first-freelance-writing-paycheck/index.html]
[katboogaard.com/wp-json/wp/v2/posts/2406.json]
[katboogaard.com/2019-year-in-review/feed/index.html]
[katboogaard.com/wp-json/oembed/1.0/embed154b.json]
[katboogaard.com/wp-json/oembed/1.0/embedfa8a]
[katboogaard.com/wp-content/uploads/2019/12/freelance-recap-1024x1024.jpg]
[katboogaard.com/wp-content/uploads/2019/12/work-life-balance-1024x1022.jpg]
[katboogaard.com/wp-content/uploads/2019/12/new-york-times-1024x1024.jpg]
[katboogaard.com/wp-content/uploads/2019/12/freelance-finances-1024x1024.jpg]
[katboogaard.com/wp-content/uploads/2019/12/freelance-mental-health-1024x1024.jpg]
[katboogaard.com/wp-content/uploads/2019/12/travel-and-vacation-1024x1024.jpg]
[katboogaard.com/wp-content/uploads/2019/12/freelance-overwhelm-1024x1024.jpg]
[katboogaard.com/wp-content/uploads/2019/12/freelance-priorities-1024x1024.jpg]
[katboogaard.com/wp-content/uploads/2019/12/baby-announcement-1024x1022.jpg]
[katboogaard.com/wp-content/uploads/2019/12/bert-and-gracie-1022x1024.jpg]
[katboogaard.com/2019-year-in-review/index.html]
[katboogaard.com/wp-json/wp/v2/posts/2391.json]
[katboogaard.com/2018-year-in-review/feed/index.html]
[katboogaard.com/wp-json/oembed/1.0/embeddacb.json]
[katboogaard.com/wp-json/oembed/1.0/embedf81d]
[katboogaard.com/wp-content/uploads/2018/12/ACS_0079-1024x1021.jpg]
[katboogaard.com/wp-content/uploads/2018/12/ACS_0083-1024x1024.jpg]
[katboogaard.com/wp-content/uploads/2018/12/Screen-Shot-2018-12-24-at-4.17.22-PM-1024x411.png]
[katboogaard.com/wp-content/uploads/2018/12/36815689_10160681928475338_7976604045131382784_n.jpg]
[katboogaard.com/wp-content/uploads/2018/12/ACS_0078-1024x1024.jpg]
[katboogaard.com/wp-content/uploads/2018/12/ACS_0004-1024x1024.jpg]
[katboogaard.com/wp-content/uploads/2018/12/ACS_0072-1024x1024.jpg]
[katboogaard.com/wp-content/uploads/2018/12/ACS_0059-1022x1024.jpg]
[katboogaard.com/wp-content/uploads/2018/12/Kat-17-1024x1024.jpg]
[katboogaard.com/2018-year-in-review/index.html]
[katboogaard.com/wp-json/wp/v2/posts/2380.json]
[katboogaard.com/how-to-stand-out-as-a-freelancer/feed/index.html]
[katboogaard.com/wp-json/oembed/1.0/embedb9e1.json]
[katboogaard.com/wp-json/oembed/1.0/embed1452]
[katboogaard.com/wp-content/uploads/2020/12/HowToStandOut.jpg]
[katboogaard.com/wp-content/uploads/2018/10/how-to-stand-out-image-1-1024x512.png]
[katboogaard.com/wp-content/uploads/2018/10/how-to-stand-out-image-2-1024x512.png]
[katboogaard.com/how-to-stand-out-as-a-freelancer/index.html]
[katboogaard.com/how-to-find-your-writing-niche/index.html]
[katboogaard.com/wp-json/wp/v2/posts/2373.json]
[katboogaard.com/5-reasons-youre-not-hearing-back-about-your-freelance-pitch/feed/index.html]
[katboogaard.com/wp-json/oembed/1.0/embed0a50.json]
[katboogaard.com/wp-json/oembed/1.0/embedd6fe]
[katboogaard.com/wp-content/uploads/2020/12/FreelancePitch.jpg]
[katboogaard.com/5-reasons-youre-not-hearing-back-about-your-freelance-pitch/div id=_fd-form-5f0219cbd832e40026fdcb5f_/div script   window.fd(form,      formId_ 5f0219cbd832e40026fdcb5f,     containerEl_]
[katboogaard.com/wp-content/uploads/2020/11/pitchpackcallout-1024x272.png]
[katboogaard.com/wp-content/uploads/2018/07/FreelancePitch1.png]
[katboogaard.com/wp-content/uploads/2018/07/BlogQuote2.png]
[katboogaard.com/5-reasons-youre-not-hearing-back-about-your-freelance-pitch/index.html]
[katboogaard.com/grow-your-twitter-following/index.html]
[katboogaard.com/category/freelancing-and-business-tips/index.html]
[katboogaard.com/wp-json/wp/v2/categories/3.json]
[katboogaard.com/category/freelancing-and-business-tips/page/2/index.html]
[katboogaard.com/category/freelancing-and-business-tips/feed/index.html]
[katboogaard.com/wp-json/wp/v2/posts/2294.json]
[katboogaard.com/freelance-writer-websites/feed/index.html]
[katboogaard.com/wp-json/oembed/1.0/embedc052.json]
[katboogaard.com/wp-json/oembed/1.0/embedb3a4]
[katboogaard.com/wp-content/uploads/2020/10/Freelance-Writer-Websites_-Do-You-Really-Need-One_-2-683x1024.jpg]
[katboogaard.com/wp-content/uploads/2018/01/FreelanceWriterWebsites4-1.jpg]
[katboogaard.com/wp-content/uploads/2020/10/Screen-Shot-2020-10-17-at-5.34.39-PM-1024x528.png]
[katboogaard.com/wp-content/uploads/2020/10/Screen-Shot-2020-10-17-at-5.37.29-PM-1024x776.png]
[katboogaard.com/wp-content/uploads/2020/10/Screen-Shot-2020-10-17-at-5.41.06-PM-1024x377.png]
[katboogaard.com/wp-content/uploads/2020/10/Screen-Shot-2020-10-17-at-5.43.21-PM-1024x376.png]
[katboogaard.com/wp-content/uploads/2020/10/Screen-Shot-2020-10-17-at-5.45.10-PM-1024x484.png]
[katboogaard.com/wp-content/uploads/2020/10/Screen-Shot-2020-10-17-at-5.47.06-PM-1024x601.png]
[katboogaard.com/wp-content/uploads/2020/10/Screen-Shot-2020-10-17-at-5.49.50-PM.png]
[katboogaard.com/wp-content/uploads/2020/10/freelancebundlecallout-2-1024x272.png]
[katboogaard.com/freelance-writer-websites/index.html]
[katboogaard.com/wp-content/uploads/2018/06/FollowingUpFreelancePitch.png]
[katboogaard.com/wp-content/uploads/2018/06/WritingFreelancePitchEmail.png]
[katboogaard.com/follow-up-on-your-pitch/index.html]
[katboogaard.com/category/find-clients-and-gigs/page/3/index.html]
[katboogaard.com/wp-content/uploads/2018/06/MakingMostofFreelancePitch.png]
[katboogaard.com/writing-freelance-pitch-email/index.html]
[katboogaard.com/making-most-freelance-writing-pitch/index.html]
[katboogaard.com/wp-content/uploads/2018/06/WhoToPitch.png]
[katboogaard.com/who-to-pitch/index.html]
[katboogaard.com/wp-content/uploads/2017/03/FreelancePitching.png]
[katboogaard.com/wp-content/uploads/2016/12/Using-LinkedIn-to-Find-Freelance-Work-2.png]
[katboogaard.com/category/find-clients-and-gigs/page/2/index.html]
[katboogaard.com/using-linkedin-to-find-freelance-work/index.html]
[katboogaard.com/wp-json/wp/v2/posts/2251.json]
[katboogaard.com/freelance-non-competes/feed/index.html]
[katboogaard.com/wp-json/oembed/1.0/embedc238.json]
[katboogaard.com/wp-json/oembed/1.0/embedde89]
[katboogaard.com/wp-content/uploads/2017/11/FreelanceNonCompetes3.jpg]
[katboogaard.com/wp-content/uploads/2017/11/FreelanceNonCompetes4.jpg]
[katboogaard.com/freelance-non-competes/index.html]
[katboogaard.com/index81d4.html]
[katboogaard.com/index8191.html]
[katboogaard.com/indexaec8.html]
[katboogaard.com/indexe8a0.html]
[katboogaard.com/index9fbb.html]
[katboogaard.com/indexef76.html]
[katboogaard.com/wp-content/uploads/2017/02/TwitterTips.png]
[katboogaard.com/blog/page/4/index.html]
[katboogaard.com/blog/page/5/index.html]
[katboogaard.com/wp-json/wp/v2/posts/2275.json]
[katboogaard.com/wp-json/oembed/1.0/embed495b.json]
[katboogaard.com/wp-json/oembed/1.0/embed1f53]
[katboogaard.com/freelance-writing-questions/feed/index.html]
[katboogaard.com/wp-content/uploads/2017/12/freelance-writing-questions-3.jpg]
[katboogaard.com/freelance-writing-questions/index.html]
[katboogaard.com/wp-json/wp/v2/posts/2196.json]
[katboogaard.com/land-consistent-writing-work/feed/index.html]
[katboogaard.com/wp-json/oembed/1.0/embed556b.json]
[katboogaard.com/wp-json/oembed/1.0/embedf7a7]
[katboogaard.com/wp-content/uploads/2017/08/ConsistentWritingWork4.jpg]
[katboogaard.com/wp-content/uploads/2017/08/ConsistentWritingWork3-1.jpg]
[katboogaard.com/land-consistent-writing-work/index.html]
[katboogaard.com/category/uncategorized/index.html]
[katboogaard.com/wp-json/wp/v2/categories/1.json]
[katboogaard.com/category/uncategorized/feed/index.html]
[katboogaard.com/first-freelance-writing-paycheck/feed/index.html]
[katboogaard.com/wp-json/wp/v2/posts/2178.json]
[katboogaard.com/wp-json/oembed/1.0/embed895d.json]
[katboogaard.com/wp-json/oembed/1.0/embed0bde]
[katboogaard.com/wp-content/uploads/2017/06/FreelanceWritingPaycheck3.jpg]
[katboogaard.com/first-freelance-writing-paycheck/index.html]
[katboogaard.com/indexf425.html]
[katboogaard.com/indexd309.html]
[katboogaard.com/index3d27.html]
[katboogaard.com/wp-json/wp/v2/posts/141.json]
[katboogaard.com/how-to-find-your-writing-niche/feed/index.html]
[katboogaard.com/wp-json/oembed/1.0/embeddd98.json]
[katboogaard.com/how-to-find-your-writing-niche/index.html]
[katboogaard.com/index6a23.html]
[katboogaard.com/5-reasons-youre-not-hearing-back-about-your-freelance-pitch/div id=_fd-form-5f0219cbd832e40026fdcb5f_/div script   window.html]
[katboogaard.com/wp-json/oembed/1.0/embedc9b5]
[katboogaard.com/you-dont-always-have-to-be-positive/index.html]
[katboogaard.com/wp-json/wp/v2/posts/1958.json]
[katboogaard.com/grow-your-twitter-following/feed/index.html]
[katboogaard.com/wp-json/oembed/1.0/embedafee.json]
[katboogaard.com/wp-json/oembed/1.0/embed0569]
[katboogaard.com/wp-content/uploads/2017/02/GrowYourTwitterFollowing5-1.jpg]
[katboogaard.com/wp-content/uploads/2017/02/GrowYourTwitterFollowing3.png]
[katboogaard.com/wp-content/uploads/2017/02/GrowYourTwitterFollowing4.png]
[katboogaard.com/grow-your-twitter-following/index.html]
[katboogaard.com/category/freelancing-and-business-tips/page/2/index.html]
[katboogaard.com/how-to-meet-freelance-writing-deadlines/index.html]
[katboogaard.com/index052f.html]
[katboogaard.com/wp-content/uploads/2016/11/How-to-Get-Published-on-Big-Name-Sites-1.png]
[katboogaard.com/category/find-clients-and-gigs/page/4/index.html]
[katboogaard.com/category/freelancing-and-business-tips/page/3/index.html]
[katboogaard.com/get-your-work-published/index.html]
[katboogaard.com/wp-content/uploads/2016/10/Freelance-Writing-Jobs.png]
[katboogaard.com/wp-content/uploads/2016/09/Whats-the-deal-with-content-mills.png]
[katboogaard.com/wp-content/uploads/2016/04/how-to-find-your-ideal-client.png]
[katboogaard.com/how-to-find-your-ideal-client/index.html]
[katboogaard.com/wp-content/uploads/2016/03/staying-motivated-after-being-rejected.png]
[katboogaard.com/how-to-stay-motivated-after-facing-rejection/index.html]
[katboogaard.com/wp-content/uploads/2016/03/should-you-ever-write-for-free_.png]
[katboogaard.com/category/find-clients-and-gigs/page/3/index.html]
[katboogaard.com/should-you-ever-write-for-free/index.html]
[katboogaard.com/wp-json/wp/v2/posts/2115.json]
[katboogaard.com/follow-up-on-your-pitch/feed/index.html]
[katboogaard.com/wp-json/oembed/1.0/embed7466.json]
[katboogaard.com/wp-json/oembed/1.0/embede492]
[katboogaard.com/wp-content/uploads/2020/10/How-to-Follow-Up-on-Your-Freelance-Writing-Pitch-Politely-2-683x1024.jpg]
[katboogaard.com/wp-content/uploads/2017/04/followup3.jpg]
[katboogaard.com/wp-content/uploads/2017/04/followup5.jpg]
[katboogaard.com/follow-up-on-your-pitch/index.html]
[katboogaard.com/wp-json/wp/v2/posts/2075.json]
[katboogaard.com/writing-freelance-pitch-email/feed/index.html]
[katboogaard.com/wp-json/oembed/1.0/embed570e.json]
[katboogaard.com/wp-json/oembed/1.0/embed2207]
[katboogaard.com/wp-content/uploads/2017/04/pitch-email.jpg]
[katboogaard.com/wp-content/uploads/2017/04/pitch-email-3.jpg]
[katboogaard.com/writing-freelance-pitch-email/index.html]
[katboogaard.com/wp-json/wp/v2/posts/2040.json]
[katboogaard.com/making-most-freelance-writing-pitch/feed/index.html]
[katboogaard.com/wp-json/oembed/1.0/embeded69.json]
[katboogaard.com/wp-json/oembed/1.0/embede69b]
[katboogaard.com/wp-content/uploads/2017/03/FreelanceWritingPitch3-1.png]
[katboogaard.com/wp-content/uploads/2017/03/FreelanceWritingPitch5.jpg]
[katboogaard.com/wp-content/uploads/2017/03/FreelanceWritingPitch4.png]
[katboogaard.com/making-most-freelance-writing-pitch/index.html]
[katboogaard.com/wp-json/wp/v2/posts/2003.json]
[katboogaard.com/who-to-pitch/feed/index.html]
[katboogaard.com/wp-json/oembed/1.0/embed653a.json]
[katboogaard.com/wp-json/oembed/1.0/embed3fff]
[katboogaard.com/wp-content/uploads/2017/03/WhoToPitch4-1.jpg]
[katboogaard.com/wp-content/uploads/2017/03/WhoToPitch3.jpg]
[katboogaard.com/who-to-pitch/index.html]
[katboogaard.com/wp-json/wp/v2/posts/1896.json]
[katboogaard.com/wp-json/oembed/1.0/embed9270.json]
[katboogaard.com/wp-json/oembed/1.0/embeda7b6]
[katboogaard.com/wp-content/uploads/2016/12/using-linkedin-to-find-freelance-work.png]
[katboogaard.com/using-linkedin-to-find-freelance-work/feed/index.html]
[katboogaard.com/wp-content/uploads/2016/12/using-linkedin-to-find-freelance-work-4.png]
[katboogaard.com/wp-content/uploads/2016/12/using-linkedin-to-find-freelance-work-5.png]
[katboogaard.com/wp-content/uploads/2016/12/using-linkedin-to-get-freelance-work-3-1.png]
[katboogaard.com/using-linkedin-to-find-freelance-work/index.html]
[katboogaard.com/indexbd91.html]
[katboogaard.com/tips-for-managing-client-relationships/index.html]
[katboogaard.com/tips-for-dealing-with-business-contracts/index.html]
[katboogaard.com/relaunching-your-career/index.html]
[katboogaard.com/blog/page/6/index.html]
[katboogaard.com/start-your-freelance-writing-business/index.html]
[katboogaard.com/wp-content/uploads/2017/01/WritingDeadlines.png]
[katboogaard.com/wp-content/uploads/2016/12/Start-Freelance-Writing-Business.png]
[katboogaard.com/wp-content/uploads/2016/12/Podcast_-Relaunching-your-career.png]
[katboogaard.com/wp-content/uploads/2016/11/Freelance-writing-niche_-Do-i-really-need-one_.png]
[katboogaard.com/blog/page/5/index.html]
[katboogaard.com/indexd666.html]
[katboogaard.com/whats-the-deal-with-content-mills/index.html]
[katboogaard.com/index67c0.html]
[katboogaard.com/tips-for-managing-an-inconsistent-income-as-a-freelancer/index.html]
[katboogaard.com/contact/index.html]
[katboogaard.com/index330f.html]
[katboogaard.com/becoming-a-freelancer-tips-for-getting-started/index.html]
[katboogaard.com/biz-tips-hints-for-keeping-your-accounting-in-order/index.html]
[katboogaard.com/index269b.html]
[katboogaard.com/wp-json/wp/v2/posts/137.json]
[katboogaard.com/you-dont-always-have-to-be-positive/feed/index.html]
[katboogaard.com/wp-json/oembed/1.0/embed19eb.json]
[katboogaard.com/you-dont-always-have-to-be-positive/index.html]
[katboogaard.com/indexe6fd.html]
[katboogaard.com/wp-json/oembed/1.0/embedf514]
[katboogaard.com/how-i-landed-my-first-freelance-writing-client/index.html]
[katboogaard.com/category/self-development-tips/index.html]
[katboogaard.com/wp-json/wp/v2/posts/1940.json]
[katboogaard.com/how-to-meet-freelance-writing-deadlines/feed/index.html]
[katboogaard.com/wp-json/oembed/1.0/embed8b8f.json]
[katboogaard.com/wp-json/oembed/1.0/embedd255]
[katboogaard.com/wp-content/uploads/2017/01/freelance-writing-deadlines-3.jpg]
[katboogaard.com/wp-content/uploads/2017/01/freelance-writing-deadlines-4.jpg]
[katboogaard.com/how-to-meet-freelance-writing-deadlines/index.html]
[katboogaard.com/category/freelancing-and-business-tips/page/3/index.html]
[katboogaard.com/category/find-clients-and-gigs/page/5/index.html]
[katboogaard.com/how-to-deal-with-unresponsive-clients/index.html]
[katboogaard.com/wp-content/uploads/2016/03/how-to-deal-with-unresponsive-clients.png]
[katboogaard.com/wp-content/uploads/2016/03/how-i-landed-my-first-freelance-client.png]
[katboogaard.com/category/freelancing-and-business-tips/page/4/index.html]
[katboogaard.com/wp-content/uploads/2016/02/preparing-for-a-new-client-meeting.png]
[katboogaard.com/how-i-prepare-for-a-meeting-with-a-potential-client/index.html]
[katboogaard.com/wp-content/uploads/2016/01/where-to-find-freelance-gigs.png]
[katboogaard.com/wp-content/uploads/2015/12/6-questions-i-ask-every-new-client.png]
[katboogaard.com/wp-content/uploads/2015/11/places-you-should-be-networking.png]
[katboogaard.com/category/find-clients-and-gigs/page/4/index.html]
[katboogaard.com/6-questions-i-ask-every-new-client/index.html]
[katboogaard.com/5-places-you-should-be-networking/index.html]
[katboogaard.com/wp-json/wp/v2/posts/1853.json]
[katboogaard.com/get-your-work-published/feed/index.html]
[katboogaard.com/wp-json/oembed/1.0/embed1c91.json]
[katboogaard.com/wp-json/oembed/1.0/embed03e6]
[katboogaard.com/wp-content/uploads/2016/11/get-your-work-published-3.jpg]
[katboogaard.com/wp-content/uploads/2016/11/get-your-work-published-4.jpg]
[katboogaard.com/get-your-work-published/index.html]
[katboogaard.com/how-to-find-your-ideal-client/feed/index.html]
[katboogaard.com/wp-json/wp/v2/posts/102.json]
[katboogaard.com/wp-json/oembed/1.0/embed845b.json]
[katboogaard.com/how-to-find-your-ideal-client/index.html]
[katboogaard.com/wp-json/oembed/1.0/embed5435]
[katboogaard.com/balancing-growing-a-business-with-running-a-business/index.html]
[katboogaard.com/4-strategies-to-take-your-weekends-back/index.html]
[katboogaard.com/how-to-stay-motivated-after-facing-rejection/feed/index.html]
[katboogaard.com/wp-json/wp/v2/posts/117.json]
[katboogaard.com/wp-json/oembed/1.0/embed32ad.json]
[katboogaard.com/how-to-stay-motivated-after-facing-rejection/index.html]
[katboogaard.com/wp-json/oembed/1.0/embed13f3]
[katboogaard.com/yes-its-totally-ok-to-drop-a-client/index.html]
[katboogaard.com/wp-json/wp/v2/posts/121.json]
[katboogaard.com/where-i-find-inspiration-for-blog-posts/index.html]
[katboogaard.com/should-you-ever-write-for-free/feed/index.html]
[katboogaard.com/wp-json/oembed/1.0/embed7ea4.json]
[katboogaard.com/should-you-ever-write-for-free/index.html]
[katboogaard.com/index2481.html]
[katboogaard.com/6-linkedin-tips-you-should-know/index.html]
[katboogaard.com/indexcfcd.html]
[katboogaard.com/indexdb79.html]
[katboogaard.com/index0fad.html]
[katboogaard.com/my-favorite-places-to-find-freelance-gigs/index.html]
[katboogaard.com/how-to-turn-off-self-doubt/index.html]
[katboogaard.com/index8c3c.html]
[katboogaard.com/how-to-write-a-great-linkedin-summary/index.html]
[katboogaard.com/using-linkedin-as-a-freelancer-biz-owner/index.html]
[katboogaard.com/step-up-your-linkedin-presence-with-these-7-quick-things/index.html]
[katboogaard.com/wp-json/oembed/1.0/embed4bca]
[katboogaard.com/wp-json/wp/v2/posts/1922.json]
[katboogaard.com/start-your-freelance-writing-business/feed/index.html]
[katboogaard.com/wp-json/oembed/1.0/embedb9f1.json]
[katboogaard.com/wp-json/oembed/1.0/embed6eaa]
[katboogaard.com/wp-content/uploads/2016/12/start-your-freelance-writing-business-3-1.jpg]
[katboogaard.com/start-your-freelance-writing-business/index.html]
[katboogaard.com/relaunching-your-career/feed/index.html]
[katboogaard.com/wp-json/wp/v2/posts/1881.json]
[katboogaard.com/wp-json/oembed/1.0/embed202f.json]
[katboogaard.com/wp-json/oembed/1.0/embedd468]
[katboogaard.com/wp-content/uploads/2016/12/RelaunchingYourCareer.jpg]
[katboogaard.com/relaunching-your-career/index.html]
[katboogaard.com/wp-content/uploads/2016/10/how-to-increase-your-freelance-income.png]
[katboogaard.com/blog/page/7/index.html]
[katboogaard.com/how-to-increase-your-freelance-income/index.html]
[katboogaard.com/wp-content/uploads/2016/10/How-to-increase-efficiency-as-a-freelance-writer.png]
[katboogaard.com/wp-content/uploads/2016/09/the-fundamentals-for-starting-your-freelance-business-1.png]
[katboogaard.com/wp-content/uploads/2016/09/how-to-avoid-the-freelance-comparison-trap.png]
[katboogaard.com/blog/page/6/index.html]
[katboogaard.com/avoid-freelance-comparison-trap/index.html]
[katboogaard.com/index60d6.html]
[katboogaard.com/category/self-development-tips/page/2/index.html]
[katboogaard.com/wp-json/wp/v2/categories/37.json]
[katboogaard.com/category/self-development-tips/feed/index.html]
[katboogaard.com/wp-content/uploads/2016/04/defining-success.png]
[katboogaard.com/wp-content/uploads/2016/03/how-to-turn-off-self-doubt.png]
[katboogaard.com/defining-your-own-version-of-success/index.html]
[katboogaard.com/wp-content/uploads/2016/03/how-i-manage-to-juggle-everything.png]
[katboogaard.com/wp-content/uploads/2016/03/you-dont-always-have-to-be-positive.png]
[katboogaard.com/wp-content/uploads/2016/01/how-to-be-taken-seriously.png]
[katboogaard.com/category/self-development-tips/index.html]
[katboogaard.com/how-to-get-people-to-take-you-seriously/index.html]
[katboogaard.com/how-i-landed-my-first-freelance-writing-client/feed/index.html]
[katboogaard.com/wp-json/wp/v2/posts/136.json]
[katboogaard.com/wp-json/oembed/1.0/embedb9f4.json]
[katboogaard.com/how-i-landed-my-first-freelance-writing-client/index.html]
[katboogaard.com/index10c0.html]
[katboogaard.com/biz-tips-the-importance-of-setting-deadlines/index.html]
[katboogaard.com/how-i-manage-to-juggle-everything-without-going-crazy/index.html]
[katboogaard.com/category/freelancing-and-business-tips/page/4/index.html]
[katboogaard.com/wp-json/oembed/1.0/embedfa72]
[katboogaard.com/how-to-rebound-after-a-wildly-unproductive-day/index.html]
[katboogaard.com/wp-content/uploads/2015/10/how-i-increased-my-income-in-one-year.png]
[katboogaard.com/category/freelancing-and-business-tips/page/5/index.html]
[katboogaard.com/how-i-increased-my-freelance-income-by-200-in-one-year/index.html]
[katboogaard.com/wp-content/uploads/2015/09/using-linkedin-as-a-freelancer.png]
[katboogaard.com/category/find-clients-and-gigs/page/5/index.html]
[katboogaard.com/wp-json/wp/v2/posts/122.json]
[katboogaard.com/how-to-deal-with-unresponsive-clients/feed/index.html]
[katboogaard.com/wp-json/oembed/1.0/embedb6a0.json]
[katboogaard.com/how-to-deal-with-unresponsive-clients/index.html]
[katboogaard.com/wp-json/oembed/1.0/embed881b]
[katboogaard.com/how-i-prepare-for-a-meeting-with-a-potential-client/feed/index.html]
[katboogaard.com/wp-json/wp/v2/posts/151.json]
[katboogaard.com/wp-json/oembed/1.0/embeddee7.json]
[katboogaard.com/how-i-prepare-for-a-meeting-with-a-potential-client/index.html]
[katboogaard.com/wp-json/oembed/1.0/embed8008]
[katboogaard.com/wp-json/wp/v2/posts/182.json]
[katboogaard.com/6-questions-i-ask-every-new-client/feed/index.html]
[katboogaard.com/wp-json/oembed/1.0/embed75e5.json]
[katboogaard.com/6-questions-i-ask-every-new-client/index.html]
[katboogaard.com/wp-json/oembed/1.0/embed90ad]
[katboogaard.com/what-happened-when-i-tested-the-pomodoro-technique/index.html]
[katboogaard.com/how-to-get-your-butt-off-the-couch-even-when-you-feel-totally-unmotivated/index.html]
[katboogaard.com/category/productivity-tips/index.html]
[katboogaard.com/wp-json/wp/v2/posts/201.json]
[katboogaard.com/5-places-you-should-be-networking/feed/index.html]
[katboogaard.com/wp-json/oembed/1.0/embed042e.json]
[katboogaard.com/5-places-you-should-be-networking/index.html]
[katboogaard.com/indexc1a5.html]
[katboogaard.com/freelance-tips-crafting-the-perfect-pitch-email/index.html]
[katboogaard.com/indexc5eb.html]
[katboogaard.com/wp-json/oembed/1.0/embedc347]
[katboogaard.com/4-times-its-totally-ok-to-quit/index.html]
[katboogaard.com/tips-for-freelancing-while-working-full-time/index.html]
[katboogaard.com/wp-json/wp/v2/posts/99.json]
[katboogaard.com/4-strategies-to-take-your-weekends-back/feed/index.html]
[katboogaard.com/wp-json/oembed/1.0/embed0f71.json]
[katboogaard.com/4-strategies-to-take-your-weekends-back/index.html]
[katboogaard.com/wp-json/oembed/1.0/embedef3c]
[katboogaard.com/wp-json/wp/v2/posts/103.json]
[katboogaard.com/yes-youre-allowed-to-say-no/index.html]
[katboogaard.com/balancing-growing-a-business-with-running-a-business/feed/index.html]
[katboogaard.com/wp-json/oembed/1.0/embed94f9.json]
[katboogaard.com/balancing-growing-a-business-with-running-a-business/index.html]
[katboogaard.com/index8320.html]
[katboogaard.com/wp-json/oembed/1.0/embed0162]
[katboogaard.com/wp-json/wp/v2/posts/114.json]
[katboogaard.com/where-i-find-inspiration-for-blog-posts/feed/index.html]
[katboogaard.com/wp-json/oembed/1.0/embed3620.json]
[katboogaard.com/where-i-find-inspiration-for-blog-posts/index.html]
[katboogaard.com/wp-json/oembed/1.0/embed425f]
[katboogaard.com/category/blogging-tips/index.html]
[katboogaard.com/wp-json/wp/v2/posts/118.json]
[katboogaard.com/yes-its-totally-ok-to-drop-a-client/feed/index.html]
[katboogaard.com/wp-json/oembed/1.0/embed3276.json]
[katboogaard.com/yes-its-totally-ok-to-drop-a-client/index.html]
[katboogaard.com/indexe856.html]
[katboogaard.com/index6093.html]
[katboogaard.com/heres-why-i-rebranded-my-blog-and-my-business-site/index.html]
[katboogaard.com/tips-to-transition-from-full-time-job-to-full-time-freelancer/index.html]
[katboogaard.com/how-i-started-my-freelance-biz-without-living-in-a-big-city/index.html]
[katboogaard.com/increase-efficiency-freelance-writer/index.html]
[katboogaard.com/index281b.html]
[katboogaard.com/wp-json/oembed/1.0/embed6b2a]
[katboogaard.com/wp-content/uploads/2016/08/rebranding-your-website.png]
[katboogaard.com/wp-content/uploads/2016/05/youre-allowed-to-say-no.png]
[katboogaard.com/blog/page/8/index.html]
[katboogaard.com/wp-content/uploads/2016/04/take-your-weekends-back.png]
[katboogaard.com/wp-content/uploads/2016/04/Running-vs.-growing-your-business.png]
[katboogaard.com/wp-content/uploads/2016/04/how-i-built-a-freelance-biz-in-a-small-city.png]
[katboogaard.com/blog/page/7/index.html]
[katboogaard.com/wp-json/wp/v2/posts/1769.json]
[katboogaard.com/how-to-increase-your-freelance-income/feed/index.html]
[katboogaard.com/wp-json/oembed/1.0/embedc437.json]
[katboogaard.com/wp-json/oembed/1.0/embed483e]
[katboogaard.com/wp-content/uploads/2016/10/IncreaseYourFreelanceIncome.jpg]
[katboogaard.com/how-to-increase-your-freelance-income/index.html]
[katboogaard.com/wp-json/wp/v2/posts/1643.json]
[katboogaard.com/avoid-freelance-comparison-trap/feed/index.html]
[katboogaard.com/wp-json/oembed/1.0/embed831d.json]
[katboogaard.com/wp-json/oembed/1.0/embed81b2]
[katboogaard.com/wp-content/uploads/2016/09/Comparison.jpg]
[katboogaard.com/avoid-freelance-comparison-trap/index.html]
[katboogaard.com/wp-content/uploads/2015/12/how-to-get-your-butt-off-the-couch.1a0.delayed]
[katboogaard.com/wp-content/uploads/2015/12/how-to-take-time-off-without-stressing.png]
[katboogaard.com/category/self-development-tips/page/3/index.html]
[katboogaard.com/wp-content/uploads/2015/12/6-tips-for-setting-realistic-goals.png]
[katboogaard.com/wp-content/uploads/2015/11/step-out-of-your-comfort-zone.png]
[katboogaard.com/how-to-take-time-off-without-stressing-out/index.html]
[katboogaard.com/wp-content/uploads/2015/11/5-questions-to-ask-before-quitting-your-job.png]
[katboogaard.com/5-great-things-that-happen-when-you-step-out-of-your-comfort-zone/index.html]
[katboogaard.com/wp-content/uploads/2015/11/4-times-its-ok-to-quit.png]
[katboogaard.com/category/self-development-tips/page/2/index.html]
[katboogaard.com/5-questions-to-ask-yourself-before-quitting-your-job/index.html]
[katboogaard.com/wp-json/wp/v2/posts/113.json]
[katboogaard.com/defining-your-own-version-of-success/feed/index.html]
[katboogaard.com/wp-json/oembed/1.0/embedb481.json]
[katboogaard.com/defining-your-own-version-of-success/index.html]
[katboogaard.com/wp-json/oembed/1.0/embede51e]
[katboogaard.com/wp-json/wp/v2/posts/155.json]
[katboogaard.com/how-to-get-people-to-take-you-seriously/feed/index.html]
[katboogaard.com/wp-json/oembed/1.0/embed4fa3.json]
[katboogaard.com/how-to-get-people-to-take-you-seriously/index.html]
[katboogaard.com/index9469.html]
[katboogaard.com/wp-json/oembed/1.0/embedc338]
[katboogaard.com/wp-json/wp/v2/posts/135.json]
[katboogaard.com/how-to-rebound-after-a-wildly-unproductive-day/feed/index.html]
[katboogaard.com/wp-json/oembed/1.0/embedc2f3.json]
[katboogaard.com/how-to-rebound-after-a-wildly-unproductive-day/index.html]
[katboogaard.com/category/freelancing-and-business-tips/page/5/index.html]
[katboogaard.com/wp-json/oembed/1.0/embede76b]
[katboogaard.com/running-a-business-5-things-i-wish-someone-had-told-me/index.html]
[katboogaard.com/category/freelancing-and-business-tips/page/6/index.html]
[katboogaard.com/wp-json/wp/v2/posts/210.json]
[katboogaard.com/how-i-increased-my-freelance-income-by-200-in-one-year/feed/index.html]
[katboogaard.com/wp-json/oembed/1.0/embedfa38.json]
[katboogaard.com/how-i-increased-my-freelance-income-by-200-in-one-year/index.html]
[katboogaard.com/indexdb84.html]
[katboogaard.com/indexe539.html]
[katboogaard.com/index7b17.html]
[katboogaard.com/wp-json/oembed/1.0/embedb442]
[katboogaard.com/10-productive-things-you-can-do-in-your-pajamas/index.html]
[katboogaard.com/category/productivity-tips/page/2/index.html]
[katboogaard.com/wp-json/wp/v2/categories/6.json]
[katboogaard.com/category/productivity-tips/feed/index.html]
[katboogaard.com/wp-content/uploads/2016/03/how-to-rebound-from-an-unproductive-day.png]
[katboogaard.com/wp-content/uploads/2016/01/how-to-keep-your-emails-organized.png]
[katboogaard.com/wp-content/uploads/2016/01/tips-for-catching-up.png]
[katboogaard.com/how-to-keep-your-emails-organized/index.html]
[katboogaard.com/wp-content/uploads/2015/12/you-cant-prioritize-priorities.png]
[katboogaard.com/category/productivity-tips/index.html]
[katboogaard.com/tips-for-catching-up-when-your-to-do-list-wants-to-kill-you/index.html]
[katboogaard.com/you-cant-prioritize-priorities/index.html]
[katboogaard.com/wp-json/wp/v2/posts/181.json]
[katboogaard.com/what-happened-when-i-tested-the-pomodoro-technique/feed/index.html]
[katboogaard.com/wp-json/oembed/1.0/embed18b8.json]
[katboogaard.com/wp-json/oembed/1.0/embedf983]
[katboogaard.com/wp-content/uploads/2015/12/timer.jpg]
[katboogaard.com/what-happened-when-i-tested-the-pomodoro-technique/index.html]
[katboogaard.com/how-to-turn-down-a-client/index.html]
[katboogaard.com/wp-json/wp/v2/posts/183.json]
[katboogaard.com/how-to-get-your-butt-off-the-couch-even-when-you-feel-totally-unmotivated/feed/index.html]
[katboogaard.com/wp-json/oembed/1.0/embed640b.json]
[katboogaard.com/how-to-get-your-butt-off-the-couch-even-when-you-feel-totally-unmotivated/index.html]
[katboogaard.com/index5721.html]
[katboogaard.com/wp-json/oembed/1.0/embed0e01]
[katboogaard.com/wp-json/wp/v2/posts/200.json]
[katboogaard.com/4-times-its-totally-ok-to-quit/feed/index.html]
[katboogaard.com/wp-json/oembed/1.0/embedfb5e.json]
[katboogaard.com/4-times-its-totally-ok-to-quit/index.html]
[katboogaard.com/wp-json/oembed/1.0/embed02fe]
[katboogaard.com/the-importance-of-investing-in-your-business/index.html]
[katboogaard.com/tips-for-freelancing-while-working-full-time/feed/index.html]
[katboogaard.com/wp-json/wp/v2/posts/205.json]
[katboogaard.com/wp-json/oembed/1.0/embed335a.json]
[katboogaard.com/tips-for-freelancing-while-working-full-time/index.html]
[katboogaard.com/index5401.html]
[katboogaard.com/wp-json/oembed/1.0/embed5154]
[katboogaard.com/wp-json/wp/v2/posts/95.json]
[katboogaard.com/yes-youre-allowed-to-say-no/feed/index.html]
[katboogaard.com/wp-json/oembed/1.0/embedc0f6.json]
[katboogaard.com/yes-youre-allowed-to-say-no/index.html]
[katboogaard.com/indexe6f0.html]
[katboogaard.com/a-little-check-in-on-life-right-now/index.html]
[katboogaard.com/index30a5.html]
[katboogaard.com/wp-json/oembed/1.0/embed2ecd]
[katboogaard.com/wp-json/wp/v2/categories/2.json]
[katboogaard.com/category/blogging-tips/feed/index.html]
[katboogaard.com/wp-content/uploads/2016/04/blog-topic-inspiration.png]
[katboogaard.com/category/blogging-tips/index.html]
[katboogaard.com/indexdb4e.html]
[katboogaard.com/wp-content/uploads/2016/04/A-little-reflection.png]
[katboogaard.com/blog/page/9/index.html]
[katboogaard.com/a-little-reflection/index.html]
[katboogaard.com/wp-content/uploads/2016/04/do-i-really-need-a-home-office_.png]
[katboogaard.com/do-you-really-need-a-home-office/index.html]
[katboogaard.com/wp-content/uploads/2016/04/how-to-write-a-great-linkedin-summary.png]
[katboogaard.com/blog/page/8/index.html]
[katboogaard.com/indexb4f0.html]
[katboogaard.com/indexa94b.html]
[katboogaard.com/why-im-done-comparing-myself-to-others/index.html]
[katboogaard.com/how-to-get-over-the-fear-of-trying-something-new/index.html]
[katboogaard.com/6-things-to-include-on-your-biz-website-or-portfolio/index.html]
[katboogaard.com/importance-of-setting-goals-professionally-personally/index.html]
[katboogaard.com/6-tips-for-setting-realistic-goals/index.html]
[katboogaard.com/category/self-development-tips/page/4/index.html]
[katboogaard.com/wp-content/uploads/2015/10/8-things-that-help-me-unwind.png]
[katboogaard.com/wp-content/uploads/2015/10/explaining-what-you-do.png]
[katboogaard.com/8-activities-that-help-me-unwind/index.html]
[katboogaard.com/4-tips-for-effectively-answering-what-do-you-do/index.html]
[katboogaard.com/wp-content/uploads/2015/09/finding-joy-in-your-business.png]
[katboogaard.com/how-to-find-joy-in-your-business/index.html]
[katboogaard.com/5-small-ways-i-boost-my-confidence/index.html]
[katboogaard.com/wp-content/uploads/2015/08/ways-to-boost-your-confidence.png]
[katboogaard.com/wp-content/uploads/2015/08/coping-with-rejection.png]
[katboogaard.com/tips-for-coping-with-rejection/index.html]
[katboogaard.com/wp-content/uploads/2015/07/fears-about-becoming-a-young-biz-owner.png]
[katboogaard.com/my-fears-about-becoming-a-young-biz-owner/index.html]
[katboogaard.com/category/self-development-tips/page/3/index.html]
[katboogaard.com/wp-json/wp/v2/posts/187.json]
[katboogaard.com/how-to-take-time-off-without-stressing-out/feed/index.html]
[katboogaard.com/wp-json/oembed/1.0/embed6b40.json]
[katboogaard.com/how-to-take-time-off-without-stressing-out/index.html]
[katboogaard.com/wp-json/oembed/1.0/embeda7b8]
[katboogaard.com/wp-json/wp/v2/posts/192.json]
[katboogaard.com/5-great-things-that-happen-when-you-step-out-of-your-comfort-zone/feed/index.html]
[katboogaard.com/wp-json/oembed/1.0/embedead2.json]
[katboogaard.com/5-great-things-that-happen-when-you-step-out-of-your-comfort-zone/index.html]
[katboogaard.com/wp-json/oembed/1.0/embed6355]
[katboogaard.com/wp-json/wp/v2/posts/196.json]
[katboogaard.com/5-questions-to-ask-yourself-before-quitting-your-job/feed/index.html]
[katboogaard.com/wp-json/oembed/1.0/embed01ef.json]
[katboogaard.com/5-questions-to-ask-yourself-before-quitting-your-job/index.html]
[katboogaard.com/index3961.html]
[katboogaard.com/index43b2.html]
[katboogaard.com/index86fa.html]
[katboogaard.com/wp-json/oembed/1.0/embede05d]
[katboogaard.com/wp-json/wp/v2/posts/131.json]
[katboogaard.com/running-a-business-5-things-i-wish-someone-had-told-me/feed/index.html]
[katboogaard.com/wp-json/oembed/1.0/embed0130.json]
[katboogaard.com/running-a-business-5-things-i-wish-someone-had-told-me/index.html]
[katboogaard.com/wp-json/oembed/1.0/embed5a49]
[katboogaard.com/wp-content/uploads/2016/03/its-ok-to-drop-a-client.png]
[katboogaard.com/category/freelancing-and-business-tips/page/6/index.html]
[katboogaard.com/indexe4c6.html]
[katboogaard.com/the-day-i-quit-my-full-time-job/index.html]
[katboogaard.com/category/freelancing-and-business-tips/page/7/index.html]
[katboogaard.com/wp-json/wp/v2/posts/211.json]
[katboogaard.com/10-productive-things-you-can-do-in-your-pajamas/feed/index.html]
[katboogaard.com/wp-json/oembed/1.0/embedd227.json]
[katboogaard.com/10-productive-things-you-can-do-in-your-pajamas/index.html]
[katboogaard.com/wp-json/oembed/1.0/embed3510]
[katboogaard.com/wp-content/uploads/2015/12/testing-the-pomodoro-technique.png]
[katboogaard.com/3-actionable-tips-for-dealing-with-a-busy-schedule/index.html]
[katboogaard.com/category/productivity-tips/page/3/index.html]
[katboogaard.com/wp-content/uploads/2015/10/being-productive-in-your-pjs.png]
[katboogaard.com/wp-content/uploads/2015/10/dealing-with-a-busy-schedule.png]
[katboogaard.com/wp-content/uploads/2015/09/tips-for-eliminating-distractions.png]
[katboogaard.com/tips-for-eliminating-distractions-from-your-day/index.html]
[katboogaard.com/wp-content/uploads/2015/09/making-the-most-of-your-day.png]
[katboogaard.com/category/productivity-tips/page/2/index.html]
[katboogaard.com/tips-for-making-the-most-of-your-day/index.html]
[katboogaard.com/wp-json/wp/v2/posts/163.json]
[katboogaard.com/how-to-keep-your-emails-organized/feed/index.html]
[katboogaard.com/wp-json/oembed/1.0/embed419d.json]
[katboogaard.com/how-to-keep-your-emails-organized/index.html]
[katboogaard.com/wp-json/oembed/1.0/embed9916]
[katboogaard.com/wp-json/wp/v2/posts/168.json]
[katboogaard.com/tips-for-catching-up-when-your-to-do-list-wants-to-kill-you/feed/index.html]
[katboogaard.com/wp-json/oembed/1.0/embed9a2d.json]
[katboogaard.com/tips-for-catching-up-when-your-to-do-list-wants-to-kill-you/index.html]
[katboogaard.com/wp-json/oembed/1.0/embed3523]
[katboogaard.com/wp-json/wp/v2/posts/173.json]
[katboogaard.com/you-cant-prioritize-priorities/feed/index.html]
[katboogaard.com/wp-json/oembed/1.0/embed4bf9.json]
[katboogaard.com/you-cant-prioritize-priorities/index.html]
[katboogaard.com/index7c2c.html]
[katboogaard.com/wp-json/oembed/1.0/embed9d8b]
[katboogaard.com/wp-json/wp/v2/posts/176.json]
[katboogaard.com/how-to-turn-down-a-client/feed/index.html]
[katboogaard.com/wp-json/oembed/1.0/embed14d0.json]
[katboogaard.com/how-to-turn-down-a-client/index.html]
[katboogaard.com/indexe8f5.html]
[katboogaard.com/indexdc0d.html]
[katboogaard.com/wp-json/oembed/1.0/embede1c7]
[katboogaard.com/wp-json/wp/v2/posts/197.json]
[katboogaard.com/the-importance-of-investing-in-your-business/feed/index.html]
[katboogaard.com/wp-json/oembed/1.0/embed5703.json]
[katboogaard.com/the-importance-of-investing-in-your-business/index.html]
[katboogaard.com/indexc140.html]
[katboogaard.com/index5eda.html]
[katboogaard.com/wp-json/oembed/1.0/embed09ca]
[katboogaard.com/wp-content/uploads/2016/03/transitioning-from-full-time-job-to-full-time-freelancer.png]
[katboogaard.com/blog/page/9/index.html]
[katboogaard.com/blog/page/10/index.html]
[katboogaard.com/wp-json/wp/v2/posts/108.json]
[katboogaard.com/a-little-reflection/feed/index.html]
[katboogaard.com/wp-json/oembed/1.0/embed12d0.json]
[katboogaard.com/a-little-reflection/index.html]
[katboogaard.com/wp-json/oembed/1.0/embed3039]
[katboogaard.com/wp-json/wp/v2/posts/109.json]
[katboogaard.com/category/real-life/index.html]
[katboogaard.com/do-you-really-need-a-home-office/feed/index.html]
[katboogaard.com/wp-json/oembed/1.0/embed1c07.json]
[katboogaard.com/do-you-really-need-a-home-office/index.html]
[katboogaard.com/wp-json/oembed/1.0/embed80fc]
[katboogaard.com/wp-content/uploads/2015/07/tips-for-motivating-yourself.png]
[katboogaard.com/wp-content/uploads/2015/07/tips-for-moving-past-writers-block.png]
[katboogaard.com/motivating-yourself-when-you-just-want-to-sit-on-the-couch/index.html]
[katboogaard.com/tips-for-moving-past-writers-block/index.html]
[katboogaard.com/wp-content/uploads/2015/06/overcoming-the-fear-of-trying-new-things.png]
[katboogaard.com/wp-content/uploads/2015/04/how-i-knew-it-was-time-to-leave-my-full-time-job.png]
[katboogaard.com/wp-content/uploads/2015/04/tips-for-prioritizing-like-a-pro.png]
[katboogaard.com/category/self-development-tips/page/4/index.html]
[katboogaard.com/how-i-knew-it-was-time-to-leave-my-full-time-job/index.html]
[katboogaard.com/tips-for-prioritizing-like-a-pro/index.html]
[katboogaard.com/wp-json/wp/v2/posts/220.json]
[katboogaard.com/8-activities-that-help-me-unwind/feed/index.html]
[katboogaard.com/wp-json/oembed/1.0/embedae1b.json]
[katboogaard.com/8-activities-that-help-me-unwind/index.html]
[katboogaard.com/wp-json/oembed/1.0/embeda14d]
[katboogaard.com/5-things-that-frustrated-me-when-i-started-freelancing/index.html]
[katboogaard.com/4-tips-for-effectively-answering-what-do-you-do/feed/index.html]
[katboogaard.com/wp-json/wp/v2/posts/226.json]
[katboogaard.com/wp-json/oembed/1.0/embed0f71-2.json]
[katboogaard.com/4-tips-for-effectively-answering-what-do-you-do/index.html]
[katboogaard.com/wp-json/oembed/1.0/embed266b]
[katboogaard.com/wp-json/wp/v2/posts/231.json]
[katboogaard.com/how-to-find-joy-in-your-business/feed/index.html]
[katboogaard.com/wp-json/oembed/1.0/embed15c8.json]
[katboogaard.com/how-to-find-joy-in-your-business/index.html]
[katboogaard.com/wp-json/oembed/1.0/embedfded]
[katboogaard.com/wp-json/wp/v2/posts/256.json]
[katboogaard.com/5-small-ways-i-boost-my-confidence/feed/index.html]
[katboogaard.com/wp-json/oembed/1.0/embeddd17.json]
[katboogaard.com/5-small-ways-i-boost-my-confidence/index.html]
[katboogaard.com/wp-json/oembed/1.0/embedaed6]
[katboogaard.com/wp-json/wp/v2/posts/260.json]
[katboogaard.com/tips-for-coping-with-rejection/feed/index.html]
[katboogaard.com/wp-json/oembed/1.0/embed49eb.json]
[katboogaard.com/tips-for-coping-with-rejection/index.html]
[katboogaard.com/wp-json/oembed/1.0/embeda25c]
[katboogaard.com/wp-json/wp/v2/posts/271.json]
[katboogaard.com/my-fears-about-becoming-a-young-biz-owner/feed/index.html]
[katboogaard.com/wp-json/oembed/1.0/embed4cde.json]
[katboogaard.com/wp-json/oembed/1.0/embed6d90]
[katboogaard.com/wp-content/uploads/2015/07/Dreams.png]
[katboogaard.com/my-fears-about-becoming-a-young-biz-owner/index.html]
[katboogaard.com/indexc885.html]
[katboogaard.com/index5a6a.html]
[katboogaard.com/indexf45e.html]
[katboogaard.com/indexd52d.html]
[katboogaard.com/wp-json/wp/v2/posts/130.json]
[katboogaard.com/the-day-i-quit-my-full-time-job/feed/index.html]
[katboogaard.com/wp-json/oembed/1.0/embed4b23.json]
[katboogaard.com/the-day-i-quit-my-full-time-job/index.html]
[katboogaard.com/wp-json/oembed/1.0/embed65c8]
[katboogaard.com/wp-content/uploads/2016/03/the-day-i-quit-my-full-time-job.png]
[katboogaard.com/wp-content/uploads/2016/03/what-to-know-about-running-a-business.png]
[katboogaard.com/wp-content/uploads/2016/02/how-to-find-your-writing-niche.png]
[katboogaard.com/category/freelancing-and-business-tips/page/7/index.html]
[katboogaard.com/category/freelancing-and-business-tips/page/8/index.html]
[katboogaard.com/index0114.html]
[katboogaard.com/wp-json/wp/v2/posts/212.json]
[katboogaard.com/3-actionable-tips-for-dealing-with-a-busy-schedule/feed/index.html]
[katboogaard.com/wp-json/oembed/1.0/embedd333.json]
[katboogaard.com/3-actionable-tips-for-dealing-with-a-busy-schedule/index.html]
[katboogaard.com/wp-json/oembed/1.0/embed4084]
[katboogaard.com/wp-content/uploads/2015/03/my-favorite-pandora-stations-for-productivity.png]
[katboogaard.com/5-assumptions-people-have-when-you-tell-them-youre-a-full-time-freelancer/index.html]
[katboogaard.com/category/productivity-tips/page/3/index.html]
[katboogaard.com/my-favorite-pandora-stations-for-productivity/index.html]
[katboogaard.com/wp-json/wp/v2/posts/246.json]
[katboogaard.com/tips-for-eliminating-distractions-from-your-day/feed/index.html]
[katboogaard.com/wp-json/oembed/1.0/embed95b0.json]
[katboogaard.com/tips-for-eliminating-distractions-from-your-day/index.html]
[katboogaard.com/wp-json/oembed/1.0/embedd62b]
[katboogaard.com/4-networking-tools-you-should-be-using/index.html]
[katboogaard.com/wp-json/wp/v2/posts/249.json]
[katboogaard.com/tips-for-making-the-most-of-your-day/feed/index.html]
[katboogaard.com/wp-json/oembed/1.0/embed070e.json]
[katboogaard.com/tips-for-making-the-most-of-your-day/index.html]
[katboogaard.com/index4034.html]
[katboogaard.com/indexada0.html]
[katboogaard.com/indexec4a.html]
[katboogaard.com/index3440.html]
[katboogaard.com/index85b3.html]
[katboogaard.com/blog/page/10/index.html]
[katboogaard.com/index460d.html]
[katboogaard.com/wp-json/oembed/1.0/embed3cf9]
[katboogaard.com/blog/page/11/index.html]
[katboogaard.com/category/real-life/index.html]
[katboogaard.com/indexe887.html]
[katboogaard.com/wp-json/wp/v2/categories/36.json]
[katboogaard.com/category/real-life/feed/index.html]
[katboogaard.com/wp-json/wp/v2/posts/281.json]
[katboogaard.com/motivating-yourself-when-you-just-want-to-sit-on-the-couch/feed/index.html]
[katboogaard.com/wp-json/oembed/1.0/embed36a2.json]
[katboogaard.com/wp-json/oembed/1.0/embedd0a9]
[katboogaard.com/wp-content/uploads/2015/07/Copy-of-Dont-be-afraid-to-go-out-on-a-limb.png]
[katboogaard.com/motivating-yourself-when-you-just-want-to-sit-on-the-couch/index.html]
[katboogaard.com/wp-json/wp/v2/posts/290.json]
[katboogaard.com/tips-for-moving-past-writers-block/feed/index.html]
[katboogaard.com/wp-json/oembed/1.0/embed7791.json]
[katboogaard.com/tips-for-moving-past-writers-block/index.html]
[katboogaard.com/wp-json/oembed/1.0/embed625b]
[katboogaard.com/freelancing-horror-story-why-diversifying-is-important/index.html]
[katboogaard.com/wp-json/wp/v2/posts/336.json]
[katboogaard.com/how-i-knew-it-was-time-to-leave-my-full-time-job/feed/index.html]
[katboogaard.com/wp-json/oembed/1.0/embedbd60.json]
[katboogaard.com/how-i-knew-it-was-time-to-leave-my-full-time-job/index.html]
[katboogaard.com/wp-json/oembed/1.0/embedd4a0]
[katboogaard.com/what-i-wish-i-had-done-before-leaving-my-full-time-job/index.html]
[katboogaard.com/wp-json/wp/v2/posts/341.json]
[katboogaard.com/tips-for-prioritizing-like-a-pro/feed/index.html]
[katboogaard.com/wp-json/oembed/1.0/embed0dd6.json]
[katboogaard.com/tips-for-prioritizing-like-a-pro/index.html]
[katboogaard.com/index156c.html]
[katboogaard.com/wp-json/oembed/1.0/embeddb13]
[katboogaard.com/wp-json/wp/v2/posts/217.json]
[katboogaard.com/5-things-that-frustrated-me-when-i-started-freelancing/feed/index.html]
[katboogaard.com/wp-json/oembed/1.0/embed3841.json]
[katboogaard.com/5-things-that-frustrated-me-when-i-started-freelancing/index.html]
[katboogaard.com/index8c34.html]
[katboogaard.com/index9873.html]
[katboogaard.com/index03bd.html]
[katboogaard.com/index8e1b.html]
[katboogaard.com/index0776.html]
[katboogaard.com/index8b4e.html]
[katboogaard.com/wp-json/oembed/1.0/embedc246]
[katboogaard.com/wp-content/uploads/2016/02/tips-for-managing-client-relationships.png]
[katboogaard.com/wp-content/uploads/2016/01/6-Linkedin-tips-you-should-know.png]
[katboogaard.com/category/freelancing-and-business-tips/page/9/index.html]
[katboogaard.com/wp-content/uploads/2015/12/how-to-turn-down-a-client.png]
[katboogaard.com/wp-content/uploads/2015/11/7-tips-to-step-up-your-linkedin-presence.png]
[katboogaard.com/category/freelancing-and-business-tips/page/8/index.html]
[katboogaard.com/index905c.html]
[katboogaard.com/5-assumptions-people-have-when-you-tell-them-youre-a-full-time-freelancer/feed/index.html]
[katboogaard.com/wp-json/wp/v2/posts/216.json]
[katboogaard.com/wp-json/oembed/1.0/embed6460.json]
[katboogaard.com/5-assumptions-people-have-when-you-tell-them-youre-a-full-time-freelancer/index.html]
[katboogaard.com/wp-json/oembed/1.0/embedecb0]
[katboogaard.com/wp-json/wp/v2/posts/355.json]
[katboogaard.com/my-favorite-pandora-stations-for-productivity/feed/index.html]
[katboogaard.com/wp-json/oembed/1.0/embed26af.json]
[katboogaard.com/my-favorite-pandora-stations-for-productivity/index.html]
[katboogaard.com/index88a0.html]
[katboogaard.com/wp-json/oembed/1.0/embed6af4]
[katboogaard.com/wp-json/wp/v2/posts/245.json]
[katboogaard.com/4-networking-tools-you-should-be-using/feed/index.html]
[katboogaard.com/wp-json/oembed/1.0/embedb2fe.json]
[katboogaard.com/4-networking-tools-you-should-be-using/index.html]
[katboogaard.com/index1a93.html]
[katboogaard.com/blog/page/11/index.html]
[katboogaard.com/index73fa.html]
[katboogaard.com/index5b31.html]
[katboogaard.com/wp-json/oembed/1.0/embed3da1]
[katboogaard.com/blog/page/12/index.html]
[katboogaard.com/wp-json/wp/v2/posts/295.json]
[katboogaard.com/freelancing-horror-story-why-diversifying-is-important/feed/index.html]
[katboogaard.com/wp-json/oembed/1.0/embed4313.json]
[katboogaard.com/freelancing-horror-story-why-diversifying-is-important/index.html]
[katboogaard.com/index71fc.html]
[katboogaard.com/wp-json/oembed/1.0/embed1671]
[katboogaard.com/wp-json/wp/v2/posts/331.json]
[katboogaard.com/what-i-wish-i-had-done-before-leaving-my-full-time-job/feed/index.html]
[katboogaard.com/wp-json/oembed/1.0/embed7c38.json]
[katboogaard.com/what-i-wish-i-had-done-before-leaving-my-full-time-job/index.html]
[katboogaard.com/index47c4.html]
[katboogaard.com/indexc094.html]
[katboogaard.com/wp-json/oembed/1.0/embedf2cd]
[katboogaard.com/wp-content/uploads/2015/11/investing-in-your-business.png]
[katboogaard.com/category/freelancing-and-business-tips/page/10/index.html]
[katboogaard.com/wp-content/uploads/2015/11/freelancing-while-working-full-time.png]
[katboogaard.com/wp-content/uploads/2015/10/5-freelancing-myths.png]
[katboogaard.com/wp-content/uploads/2015/10/5-freelancing-frustrations.png]
[katboogaard.com/category/freelancing-and-business-tips/page/9/index.html]
[katboogaard.com/index4659.html]
[katboogaard.com/indexc9bf.html]
[katboogaard.com/indexe1a1.html]
[katboogaard.com/blog/page/12/index.html]
[katboogaard.com/index1422.html]
[katboogaard.com/index371d.html]
[katboogaard.com/blog/page/13/index.html]
[katboogaard.com/category/freelancing-and-business-tips/page/11/index.html]
[katboogaard.com/wp-content/uploads/2015/10/6-things-your-biz-website-needs.png]
[katboogaard.com/wp-content/uploads/2015/09/dealing-with-inconsistent-income.png]
[katboogaard.com/wp-content/uploads/2015/09/networking-tools-you-should-be-using.png]
[katboogaard.com/category/freelancing-and-business-tips/page/10/index.html]
[katboogaard.com/blog/page/13/index.html]
[katboogaard.com/wp-content/uploads/2015/08/tips-for-dealing-with-business-contracts.png]
[katboogaard.com/blog/page/14/index.html]
[katboogaard.com/category/freelancing-and-business-tips/page/12/index.html]
[katboogaard.com/wp-content/uploads/2015/07/tips-for-getting-started-as-a-freelancer.png]
[katboogaard.com/wp-content/uploads/2015/06/the-importance-of-diversifying.png]
[katboogaard.com/wp-content/uploads/2015/05/my-number-one-rule-for-freelancers.png]
[katboogaard.com/category/freelancing-and-business-tips/page/11/index.html]
[katboogaard.com/my-number-one-rule-for-freelancers-biz-owners/index.html]
[katboogaard.com/blog/page/14/index.html]
[katboogaard.com/wp-content/uploads/2015/05/Biz-tips-for-organized-accounting.png]
[katboogaard.com/wp-content/uploads/2015/04/what-i-wish-i-had-done-before-leaving-my-full-time-job.png]
[katboogaard.com/category/freelancing-and-business-tips/page/12/index.html]
[katboogaard.com/blog/page/15/index.html]
[katboogaard.com/wp-json/wp/v2/posts/321.json]
[katboogaard.com/my-number-one-rule-for-freelancers-biz-owners/feed/index.html]
[katboogaard.com/wp-json/oembed/1.0/embed1e3c.json]
[katboogaard.com/my-number-one-rule-for-freelancers-biz-owners/index.html]
[katboogaard.com/blog/page/15/index.html]
[katboogaard.com/index8ee7.html]
[katboogaard.com/wp-json/oembed/1.0/embed8bb6]
[katboogaard.com/blog/page/16/index.html]
[katboogaard.com/blog/page/16/index.html]
[katboogaard.com/blog/page/17/index.html]
[katboogaard.com/blog/page/17/index.html]
[katboogaard.com/blog/page/18/index.html]
[katboogaard.com/blog/page/18/index.html]
[katboogaard.com/blog/page/19/index.html]
[katboogaard.com/blog/page/19/index.html]
